---
http_interactions:
- request:
    method: head
    uri: http://elasticsearch_test:9200/offers
    body:
      encoding: US-ASCII
      string: ''
    headers:
      User-Agent:
      - 'elasticsearch-ruby/7.4.0 (RUBY_VERSION: 2.6.3; linux x86_64; Faraday v0.17.0)'
      Content-Type:
      - application/json
      Accept:
      - "*/*"
  response:
    status:
      code: 200
      message: OK
    headers:
      Content-Type:
      - application/json; charset=UTF-8
      Content-Length:
      - '1693'
    body:
      encoding: UTF-8
      string: ''
    http_version: null
  recorded_at: Mon, 16 Mar 2020 19:22:04 GMT
- request:
    method: delete
    uri: http://elasticsearch_test:9200/offers
    body:
      encoding: US-ASCII
      string: ''
    headers:
      User-Agent:
      - 'elasticsearch-ruby/7.4.0 (RUBY_VERSION: 2.6.3; linux x86_64; Faraday v0.17.0)'
      Content-Type:
      - application/json
      Accept-Encoding:
      - gzip;q=1.0,deflate;q=0.6,identity;q=0.3
      Accept:
      - "*/*"
  response:
    status:
      code: 200
      message: OK
    headers:
      Content-Type:
      - application/json; charset=UTF-8
      Content-Length:
      - '47'
    body:
      encoding: ASCII-8BIT
      string: '{"acknowledged":true}'
    http_version: null
  recorded_at: Mon, 16 Mar 2020 19:22:04 GMT
- request:
    method: head
    uri: http://elasticsearch_test:9200/offers
    body:
      encoding: US-ASCII
      string: ''
    headers:
      User-Agent:
      - 'elasticsearch-ruby/7.4.0 (RUBY_VERSION: 2.6.3; linux x86_64; Faraday v0.17.0)'
      Content-Type:
      - application/json
      Accept:
      - "*/*"
  response:
    status:
      code: 404
      message: Not Found
    headers:
      Content-Type:
      - application/json; charset=UTF-8
      Content-Length:
      - '365'
    body:
      encoding: UTF-8
      string: ''
    http_version: null
  recorded_at: Mon, 16 Mar 2020 19:22:04 GMT
- request:
    method: put
    uri: http://elasticsearch_test:9200/offers
    body:
      encoding: UTF-8
      string: '{"settings":{"index":{"number_of_shards":1,"number_of_replicas":0,"max_ngram_diff":50,"analysis":{"index_analyzer":{"common_index_analizer":{"type":"custom","tokenizer":"standard","filter":["lowercase","common_ngram_filter"]}},"search_analyzer":{"common_search_analyzer":{"type":"custom","tokenizer":"standard","filter":["lowercase","standard","common_ngram_filter"]}},"ascii_analizer":{"common_ascii_analyzer":{"tokenizer":"standard","filter":"standard"}},"filter":{"common_ngram_filter":{"type":"nGram","min_gram":2,"max_gram":50}}}}},"mappings":{"dynamic":"false","properties":{"id":{"type":"long"},"title":{"type":"text","analyzer":"spanish"},"description":{"type":"text","analyzer":"spanish"},"status":{"type":"text"},"created_at":{"type":"date"},"city":{"type":"nested","properties":{"id":{"type":"long"},"description":{"type":"text"}}},"job_categories":{"type":"nested","properties":{"id":{"type":"long"},"description":{"type":"text"}}},"work_mode":{"type":"nested","properties":{"id":{"type":"long"},"description":{"type":"text"}}},"contract_type":{"type":"nested","properties":{"id":{"type":"long"},"description":{"type":"text"}}},"working_days":{"type":"nested","properties":{"id":{"type":"long"},"description":{"type":"text"}}},"available_work_days":{"type":"nested","properties":{"id":{"type":"long"},"description":{"type":"text"}}},"job_aids":{"type":"nested","properties":{"id":{"type":"long"},"description":{"type":"text"}}},"languages":{"type":"nested","properties":{"id":{"type":"long"},"description":{"type":"text"}}}}}}'
    headers:
      User-Agent:
      - 'elasticsearch-ruby/7.4.0 (RUBY_VERSION: 2.6.3; linux x86_64; Faraday v0.17.0)'
      Content-Type:
      - application/json
      Accept-Encoding:
      - gzip;q=1.0,deflate;q=0.6,identity;q=0.3
      Accept:
      - "*/*"
  response:
    status:
      code: 200
      message: OK
    headers:
      Content-Type:
      - application/json; charset=UTF-8
      Content-Length:
      - '73'
    body:
      encoding: ASCII-8BIT
      string: '{"acknowledged":true,"shards_acknowledged":true,"index":"offers"}'
    http_version: null
  recorded_at: Mon, 16 Mar 2020 19:22:04 GMT
- request:
    method: get
    uri: http://elasticsearch_test:9200/
    body:
      encoding: US-ASCII
      string: ''
    headers:
      User-Agent:
      - 'elasticsearch-ruby/7.4.0 (RUBY_VERSION: 2.6.3; linux x86_64; Faraday v0.17.0)'
      Content-Type:
      - application/json
      Accept-Encoding:
      - gzip;q=1.0,deflate;q=0.6,identity;q=0.3
      Accept:
      - "*/*"
  response:
    status:
      code: 200
      message: OK
    headers:
      Content-Type:
      - application/json; charset=UTF-8
      Content-Length:
      - '335'
    body:
      encoding: ASCII-8BIT
      string: |
        {
          "name" : "3ce7f68168d0",
          "cluster_name" : "docker-cluster_test",
          "cluster_uuid" : "bbXAWI4tR_So3VXRrO9BOw",
          "version" : {
            "number" : "7.5.2",
            "build_flavor" : "default",
            "build_type" : "docker",
            "build_hash" : "8bec50e1e0ad29dad5653712cf3bb580cd1afcdf",
            "build_date" : "2020-01-15T12:11:52.313576Z",
            "build_snapshot" : false,
            "lucene_version" : "8.3.0",
            "minimum_wire_compatibility_version" : "6.8.0",
            "minimum_index_compatibility_version" : "6.0.0-beta1"
          },
          "tagline" : "You Know, for Search"
        }
    http_version: null
  recorded_at: Mon, 16 Mar 2020 19:22:04 GMT
- request:
    method: head
    uri: http://elasticsearch:9200/offers
    body:
      encoding: US-ASCII
      string: ''
    headers:
      User-Agent:
      - 'elasticsearch-ruby/7.4.0 (RUBY_VERSION: 2.6.3; linux x86_64; Faraday v0.17.0)'
      Content-Type:
      - application/json
      Accept:
      - "*/*"
  response:
    status:
      code: 200
      message: OK
    headers:
      Content-Type:
      - application/json; charset=UTF-8
      Content-Length:
      - '1693'
    body:
      encoding: UTF-8
      string: ''
    http_version: null
  recorded_at: Mon, 16 Mar 2020 19:22:04 GMT
- request:
    method: delete
    uri: http://elasticsearch:9200/offers
    body:
      encoding: US-ASCII
      string: ''
    headers:
      User-Agent:
      - 'elasticsearch-ruby/7.4.0 (RUBY_VERSION: 2.6.3; linux x86_64; Faraday v0.17.0)'
      Content-Type:
      - application/json
      Accept-Encoding:
      - gzip;q=1.0,deflate;q=0.6,identity;q=0.3
      Accept:
      - "*/*"
  response:
    status:
      code: 200
      message: OK
    headers:
      Content-Type:
      - application/json; charset=UTF-8
      Content-Length:
      - '47'
    body:
      encoding: ASCII-8BIT
      string: '{"acknowledged":true}'
    http_version: null
  recorded_at: Mon, 16 Mar 2020 19:22:04 GMT
- request:
    method: head
    uri: http://elasticsearch:9200/offers
    body:
      encoding: US-ASCII
      string: ''
    headers:
      User-Agent:
      - 'elasticsearch-ruby/7.4.0 (RUBY_VERSION: 2.6.3; linux x86_64; Faraday v0.17.0)'
      Content-Type:
      - application/json
      Accept:
      - "*/*"
  response:
    status:
      code: 404
      message: Not Found
    headers:
      Content-Type:
      - application/json; charset=UTF-8
      Content-Length:
      - '365'
    body:
      encoding: UTF-8
      string: ''
    http_version: null
  recorded_at: Mon, 16 Mar 2020 19:22:04 GMT
- request:
    method: put
    uri: http://elasticsearch:9200/offers
    body:
      encoding: UTF-8
      string: '{"settings":{"index":{"number_of_shards":1,"number_of_replicas":0,"max_ngram_diff":50,"analysis":{"index_analyzer":{"common_index_analizer":{"type":"custom","tokenizer":"standard","filter":["lowercase","common_ngram_filter"]}},"search_analyzer":{"common_search_analyzer":{"type":"custom","tokenizer":"standard","filter":["lowercase","standard","common_ngram_filter"]}},"ascii_analizer":{"common_ascii_analyzer":{"tokenizer":"standard","filter":"standard"}},"filter":{"common_ngram_filter":{"type":"nGram","min_gram":2,"max_gram":50}}}}},"mappings":{"dynamic":"false","properties":{"id":{"type":"long"},"title":{"type":"text","analyzer":"spanish"},"description":{"type":"text","analyzer":"spanish"},"status":{"type":"text"},"created_at":{"type":"date"},"city":{"type":"nested","properties":{"id":{"type":"long"},"description":{"type":"text"}}},"job_categories":{"type":"nested","properties":{"id":{"type":"long"},"description":{"type":"text"}}},"work_mode":{"type":"nested","properties":{"id":{"type":"long"},"description":{"type":"text"}}},"contract_type":{"type":"nested","properties":{"id":{"type":"long"},"description":{"type":"text"}}},"working_days":{"type":"nested","properties":{"id":{"type":"long"},"description":{"type":"text"}}},"available_work_days":{"type":"nested","properties":{"id":{"type":"long"},"description":{"type":"text"}}},"job_aids":{"type":"nested","properties":{"id":{"type":"long"},"description":{"type":"text"}}},"languages":{"type":"nested","properties":{"id":{"type":"long"},"description":{"type":"text"}}}}}}'
    headers:
      User-Agent:
      - 'elasticsearch-ruby/7.4.0 (RUBY_VERSION: 2.6.3; linux x86_64; Faraday v0.17.0)'
      Content-Type:
      - application/json
      Accept-Encoding:
      - gzip;q=1.0,deflate;q=0.6,identity;q=0.3
      Accept:
      - "*/*"
  response:
    status:
      code: 200
      message: OK
    headers:
      Content-Type:
      - application/json; charset=UTF-8
      Content-Length:
      - '73'
    body:
      encoding: ASCII-8BIT
      string: '{"acknowledged":true,"shards_acknowledged":true,"index":"offers"}'
    http_version: null
  recorded_at: Mon, 16 Mar 2020 19:22:04 GMT
recorded_with: VCR 5.1.0
