---
http_interactions:
- request:
    method: head
    uri: http://elasticsearch_test:9200/offers
    body:
      encoding: US-ASCII
      string: ''
    headers:
      User-Agent:
      - 'elasticsearch-ruby/7.5.0 (RUBY_VERSION: 2.6.3; linux x86_64; Faraday v0.17.3)'
      Content-Type:
      - application/json
      Accept:
      - "*/*"
  response:
    status:
      code: 200
      message: OK
    headers:
      Content-Type:
      - application/json; charset=UTF-8
      Content-Length:
      - '1693'
    body:
      encoding: UTF-8
      string: ''
    http_version: null
  recorded_at: Fri, 27 Mar 2020 18:46:41 GMT
- request:
    method: delete
    uri: http://elasticsearch_test:9200/offers
    body:
      encoding: US-ASCII
      string: ''
    headers:
      User-Agent:
      - 'elasticsearch-ruby/7.5.0 (RUBY_VERSION: 2.6.3; linux x86_64; Faraday v0.17.3)'
      Content-Type:
      - application/json
      Accept-Encoding:
      - gzip;q=1.0,deflate;q=0.6,identity;q=0.3
      Accept:
      - "*/*"
  response:
    status:
      code: 200
      message: OK
    headers:
      Content-Type:
      - application/json; charset=UTF-8
      Content-Length:
      - '47'
    body:
      encoding: ASCII-8BIT
      string: '{"acknowledged":true}'
    http_version: null
  recorded_at: Fri, 27 Mar 2020 18:46:41 GMT
- request:
    method: head
    uri: http://elasticsearch_test:9200/offers
    body:
      encoding: US-ASCII
      string: ''
    headers:
      User-Agent:
      - 'elasticsearch-ruby/7.5.0 (RUBY_VERSION: 2.6.3; linux x86_64; Faraday v0.17.3)'
      Content-Type:
      - application/json
      Accept:
      - "*/*"
  response:
    status:
      code: 404
      message: Not Found
    headers:
      Content-Type:
      - application/json; charset=UTF-8
      Content-Length:
      - '365'
    body:
      encoding: UTF-8
      string: ''
    http_version: null
  recorded_at: Fri, 27 Mar 2020 18:46:41 GMT
- request:
    method: put
    uri: http://elasticsearch_test:9200/offers
    body:
      encoding: UTF-8
      string: '{"settings":{"index":{"number_of_shards":1,"number_of_replicas":0,"max_ngram_diff":50,"analysis":{"index_analyzer":{"common_index_analizer":{"type":"custom","tokenizer":"standard","filter":["lowercase","common_ngram_filter"]}},"search_analyzer":{"common_search_analyzer":{"type":"custom","tokenizer":"standard","filter":["lowercase","standard","common_ngram_filter"]}},"ascii_analizer":{"common_ascii_analyzer":{"tokenizer":"standard","filter":"standard"}},"filter":{"common_ngram_filter":{"type":"nGram","min_gram":2,"max_gram":50}}}}},"mappings":{"dynamic":"false","properties":{"id":{"type":"long"},"title":{"type":"text","analyzer":"spanish"},"description":{"type":"text","analyzer":"spanish"},"status":{"type":"text"},"created_at":{"type":"date"},"city":{"type":"nested","properties":{"id":{"type":"long"},"description":{"type":"text"}}},"job_categories":{"type":"nested","properties":{"id":{"type":"long"},"description":{"type":"text"}}},"work_mode":{"type":"nested","properties":{"id":{"type":"long"},"description":{"type":"text"}}},"contract_type":{"type":"nested","properties":{"id":{"type":"long"},"description":{"type":"text"}}},"working_days":{"type":"nested","properties":{"id":{"type":"long"},"description":{"type":"text"}}},"available_work_days":{"type":"nested","properties":{"id":{"type":"long"},"description":{"type":"text"}}},"job_aids":{"type":"nested","properties":{"id":{"type":"long"},"description":{"type":"text"}}},"languages":{"type":"nested","properties":{"id":{"type":"long"},"description":{"type":"text"}}}}}}'
    headers:
      User-Agent:
      - 'elasticsearch-ruby/7.5.0 (RUBY_VERSION: 2.6.3; linux x86_64; Faraday v0.17.3)'
      Content-Type:
      - application/json
      Accept-Encoding:
      - gzip;q=1.0,deflate;q=0.6,identity;q=0.3
      Accept:
      - "*/*"
  response:
    status:
      code: 200
      message: OK
    headers:
      Content-Type:
      - application/json; charset=UTF-8
      Content-Length:
      - '73'
    body:
      encoding: ASCII-8BIT
      string: '{"acknowledged":true,"shards_acknowledged":true,"index":"offers"}'
    http_version: null
  recorded_at: Fri, 27 Mar 2020 18:46:41 GMT
- request:
    method: head
    uri: http://elasticsearch_test:9200/offers
    body:
      encoding: US-ASCII
      string: ''
    headers:
      User-Agent:
      - 'elasticsearch-ruby/7.5.0 (RUBY_VERSION: 2.6.3; linux x86_64; Faraday v0.17.3)'
      Content-Type:
      - application/json
      Accept:
      - "*/*"
  response:
    status:
      code: 200
      message: OK
    headers:
      Content-Type:
      - application/json; charset=UTF-8
      Content-Length:
      - '1693'
    body:
      encoding: UTF-8
      string: ''
    http_version: null
  recorded_at: Fri, 27 Mar 2020 18:46:42 GMT
- request:
    method: post
    uri: http://elasticsearch_test:9200/offers/_bulk
    body:
      encoding: UTF-8
      string: |
        {"index":{"_id":1}}
        {"id":1,"title":"Test sebas","description":"endSint esse anim consequat commodo.","status":"active","created_at":"2020-03-27T13:46:41.787-05:00","city":{"id":2,"description":"Dublin"},"job_categories":[{"id":1,"description":"Operario"}],"work_mode":{"id":1,"description":"recíproca"},"contract_type":{"id":1,"description":"Centrado en el usuario"},"working_days":[],"available_work_days":[],"job_aids":[],"languages":[]}
        {"index":{"_id":2}}
        {"id":2,"title":"Test sebas","description":"endSint esse anim consequat commodo.","status":"active","created_at":"2020-03-27T13:46:41.889-05:00","city":{"id":4,"description":"Luxembourg"},"job_categories":[{"id":1,"description":"Operario"}],"work_mode":{"id":2,"description":"modular"},"contract_type":{"id":2,"description":"Ergonomico"},"working_days":[],"available_work_days":[],"job_aids":[],"languages":[]}
        {"index":{"_id":3}}
        {"id":3,"title":"Test sebas","description":"endSint esse anim consequat commodo.","status":"active","created_at":"2020-03-27T13:46:41.945-05:00","city":{"id":6,"description":"Belgrade"},"job_categories":[{"id":1,"description":"Operario"}],"work_mode":{"id":3,"description":"Horizontal"},"contract_type":{"id":3,"description":"instalación"},"working_days":[],"available_work_days":[],"job_aids":[],"languages":[]}
        {"index":{"_id":4}}
        {"id":4,"title":"Test sebas","description":"endSint esse anim consequat commodo.","status":"active","created_at":"2020-03-27T13:46:42.000-05:00","city":{"id":8,"description":"Damascus"},"job_categories":[{"id":1,"description":"Operario"}],"work_mode":{"id":4,"description":"maximizada"},"contract_type":{"id":4,"description":"moderador"},"working_days":[],"available_work_days":[],"job_aids":[],"languages":[]}
        {"index":{"_id":5}}
        {"id":5,"title":"Test sebas","description":"endSint esse anim consequat commodo.","status":"active","created_at":"2020-03-27T13:46:42.057-05:00","city":{"id":10,"description":"Rome"},"job_categories":[{"id":1,"description":"Operario"}],"work_mode":{"id":5,"description":"Seguro"},"contract_type":{"id":5,"description":"Enfocado a benficios"},"working_days":[],"available_work_days":[],"job_aids":[],"languages":[]}
        {"index":{"_id":6}}
        {"id":6,"title":"Esto es un prueba de sebas","description":"endSint esse anim consequat commodo.","status":"active","created_at":"2020-03-27T13:46:42.114-05:00","city":{"id":12,"description":"Male"},"job_categories":[{"id":1,"description":"Operario"},{"id":2,"description":"Tecnologia"}],"work_mode":{"id":6,"description":"arquitectura abierta"},"contract_type":{"id":6,"description":"transicional"},"working_days":[],"available_work_days":[],"job_aids":[],"languages":[]}
        {"index":{"_id":7}}
        {"id":7,"title":"Esto es un prueba de sebas","description":"endSint esse anim consequat commodo.","status":"active","created_at":"2020-03-27T13:46:42.174-05:00","city":{"id":14,"description":"Cairo"},"job_categories":[{"id":1,"description":"Operario"},{"id":2,"description":"Tecnologia"}],"work_mode":{"id":7,"description":"generado por la demanda"},"contract_type":{"id":7,"description":"metodologías"},"working_days":[],"available_work_days":[],"job_aids":[],"languages":[]}
        {"index":{"_id":8}}
        {"id":8,"title":"Esto es un prueba de sebas","description":"endSint esse anim consequat commodo.","status":"active","created_at":"2020-03-27T13:46:42.232-05:00","city":{"id":16,"description":"Jakarta"},"job_categories":[{"id":1,"description":"Operario"},{"id":2,"description":"Tecnologia"}],"work_mode":{"id":8,"description":"Organizado"},"contract_type":{"id":8,"description":"Expandido"},"working_days":[],"available_work_days":[],"job_aids":[],"languages":[]}
        {"index":{"_id":9}}
        {"id":9,"title":"Esto es un prueba de sebas","description":"endSint esse anim consequat commodo.","status":"active","created_at":"2020-03-27T13:46:42.288-05:00","city":{"id":18,"description":"Ljubljana"},"job_categories":[{"id":1,"description":"Operario"},{"id":2,"description":"Tecnologia"}],"work_mode":{"id":9,"description":"mediante"},"contract_type":{"id":9,"description":"iniciativa"},"working_days":[],"available_work_days":[],"job_aids":[],"languages":[]}
        {"index":{"_id":10}}
        {"id":10,"title":"Esto es un prueba de sebas","description":"endSint esse anim consequat commodo.","status":"active","created_at":"2020-03-27T13:46:42.345-05:00","city":{"id":20,"description":"Majuro"},"job_categories":[{"id":1,"description":"Operario"},{"id":2,"description":"Tecnologia"}],"work_mode":{"id":10,"description":"Profundo"},"contract_type":{"id":10,"description":"uniforme"},"working_days":[],"available_work_days":[],"job_aids":[],"languages":[]}
        {"index":{"_id":11}}
        {"id":11,"title":"Esto es un prueba de sebas","description":"endSint esse anim consequat commodo.","status":"active","created_at":"2020-03-27T13:46:42.402-05:00","city":{"id":22,"description":"Lome"},"job_categories":[{"id":1,"description":"Operario"},{"id":2,"description":"Tecnologia"}],"work_mode":{"id":11,"description":"Centrado en el usuario"},"contract_type":{"id":11,"description":"Universal"},"working_days":[],"available_work_days":[],"job_aids":[],"languages":[]}
        {"index":{"_id":12}}
        {"id":12,"title":"Que gran oferta sebas!","description":"endSint esse anim consequat commodo.","status":"active","created_at":"2020-03-27T13:46:42.469-05:00","city":{"id":24,"description":"Chisinau"},"job_categories":[{"id":3,"description":"Marketing"}],"work_mode":{"id":12,"description":"Avanzado"},"contract_type":{"id":12,"description":"Interfaz Gráfica"},"working_days":[],"available_work_days":[],"job_aids":[],"languages":[]}
        {"index":{"_id":13}}
        {"id":13,"title":"Que gran oferta sebas!","description":"endSint esse anim consequat commodo.","status":"active","created_at":"2020-03-27T13:46:42.526-05:00","city":{"id":26,"description":"Vilnius"},"job_categories":[{"id":3,"description":"Marketing"}],"work_mode":{"id":13,"description":"Automatizado"},"contract_type":{"id":13,"description":"Visionario"},"working_days":[],"available_work_days":[],"job_aids":[],"languages":[]}
        {"index":{"_id":14}}
        {"id":14,"title":"Que gran oferta sebas!","description":"endSint esse anim consequat commodo.","status":"active","created_at":"2020-03-27T13:46:42.582-05:00","city":{"id":28,"description":"Asmara"},"job_categories":[{"id":3,"description":"Marketing"}],"work_mode":{"id":14,"description":"emulación"},"contract_type":{"id":14,"description":"emulación"},"working_days":[],"available_work_days":[],"job_aids":[],"languages":[]}
        {"index":{"_id":15}}
        {"id":15,"title":"Que gran oferta sebas!","description":"endSint esse anim consequat commodo.","status":"active","created_at":"2020-03-27T13:46:42.639-05:00","city":{"id":30,"description":"Vientiane"},"job_categories":[{"id":3,"description":"Marketing"}],"work_mode":{"id":15,"description":"implementación"},"contract_type":{"id":15,"description":"sistemática"},"working_days":[],"available_work_days":[],"job_aids":[],"languages":[]}
        {"index":{"_id":16}}
        {"id":16,"title":"Que gran oferta sebas!","description":"endSint esse anim consequat commodo.","status":"active","created_at":"2020-03-27T13:46:42.696-05:00","city":{"id":32,"description":"Lome"},"job_categories":[{"id":3,"description":"Marketing"}],"work_mode":{"id":16,"description":"proceso de mejora"},"contract_type":{"id":16,"description":"generada por el cliente"},"working_days":[],"available_work_days":[],"job_aids":[],"languages":[]}
        {"index":{"_id":17}}
        {"id":17,"title":"Que gran oferta sebas!","description":"endSint esse anim consequat commodo.","status":"active","created_at":"2020-03-27T13:46:42.752-05:00","city":{"id":34,"description":"Luanda"},"job_categories":[{"id":3,"description":"Marketing"}],"work_mode":{"id":17,"description":"data-warehouse"},"contract_type":{"id":17,"description":"función"},"working_days":[],"available_work_days":[],"job_aids":[],"languages":[]}
        {"index":{"_id":18}}
        {"id":18,"title":"Que gran oferta sebas!","description":"endSint esse anim consequat commodo.","status":"active","created_at":"2020-03-27T13:46:42.807-05:00","city":{"id":36,"description":"Juba"},"job_categories":[{"id":3,"description":"Marketing"}],"work_mode":{"id":18,"description":"política"},"contract_type":{"id":18,"description":"línea segura"},"working_days":[],"available_work_days":[],"job_aids":[],"languages":[]}
        {"index":{"_id":19}}
        {"id":19,"title":"Iusto voluptatem in sit excepturi natus a odit.","description":"Este es el query por ciudad","status":"active","created_at":"2020-03-27T13:46:42.871-05:00","city":{"id":37,"description":"Medellin"},"job_categories":[{"id":1,"description":"Operario"}],"work_mode":{"id":19,"description":"middleware"},"contract_type":{"id":19,"description":"Expandido"},"working_days":[],"available_work_days":[],"job_aids":[],"languages":[]}
    headers:
      User-Agent:
      - 'elasticsearch-ruby/7.5.0 (RUBY_VERSION: 2.6.3; linux x86_64; Faraday v0.17.3)'
      Content-Type:
      - application/x-ndjson
      Accept-Encoding:
      - gzip;q=1.0,deflate;q=0.6,identity;q=0.3
      Accept:
      - "*/*"
  response:
    status:
      code: 200
      message: OK
    headers:
      Content-Type:
      - application/json; charset=UTF-8
      Content-Length:
      - '295'
    body:
      encoding: ASCII-8BIT
      string: '{"took":5,"errors":false,"items":[{"index":{"_index":"offers","_type":"_doc","_id":"1","_version":1,"result":"created","_shards":{"total":1,"successful":1,"failed":0},"_seq_no":0,"_primary_term":1,"status":201}},{"index":{"_index":"offers","_type":"_doc","_id":"2","_version":1,"result":"created","_shards":{"total":1,"successful":1,"failed":0},"_seq_no":1,"_primary_term":1,"status":201}},{"index":{"_index":"offers","_type":"_doc","_id":"3","_version":1,"result":"created","_shards":{"total":1,"successful":1,"failed":0},"_seq_no":2,"_primary_term":1,"status":201}},{"index":{"_index":"offers","_type":"_doc","_id":"4","_version":1,"result":"created","_shards":{"total":1,"successful":1,"failed":0},"_seq_no":3,"_primary_term":1,"status":201}},{"index":{"_index":"offers","_type":"_doc","_id":"5","_version":1,"result":"created","_shards":{"total":1,"successful":1,"failed":0},"_seq_no":4,"_primary_term":1,"status":201}},{"index":{"_index":"offers","_type":"_doc","_id":"6","_version":1,"result":"created","_shards":{"total":1,"successful":1,"failed":0},"_seq_no":5,"_primary_term":1,"status":201}},{"index":{"_index":"offers","_type":"_doc","_id":"7","_version":1,"result":"created","_shards":{"total":1,"successful":1,"failed":0},"_seq_no":6,"_primary_term":1,"status":201}},{"index":{"_index":"offers","_type":"_doc","_id":"8","_version":1,"result":"created","_shards":{"total":1,"successful":1,"failed":0},"_seq_no":7,"_primary_term":1,"status":201}},{"index":{"_index":"offers","_type":"_doc","_id":"9","_version":1,"result":"created","_shards":{"total":1,"successful":1,"failed":0},"_seq_no":8,"_primary_term":1,"status":201}},{"index":{"_index":"offers","_type":"_doc","_id":"10","_version":1,"result":"created","_shards":{"total":1,"successful":1,"failed":0},"_seq_no":9,"_primary_term":1,"status":201}},{"index":{"_index":"offers","_type":"_doc","_id":"11","_version":1,"result":"created","_shards":{"total":1,"successful":1,"failed":0},"_seq_no":10,"_primary_term":1,"status":201}},{"index":{"_index":"offers","_type":"_doc","_id":"12","_version":1,"result":"created","_shards":{"total":1,"successful":1,"failed":0},"_seq_no":11,"_primary_term":1,"status":201}},{"index":{"_index":"offers","_type":"_doc","_id":"13","_version":1,"result":"created","_shards":{"total":1,"successful":1,"failed":0},"_seq_no":12,"_primary_term":1,"status":201}},{"index":{"_index":"offers","_type":"_doc","_id":"14","_version":1,"result":"created","_shards":{"total":1,"successful":1,"failed":0},"_seq_no":13,"_primary_term":1,"status":201}},{"index":{"_index":"offers","_type":"_doc","_id":"15","_version":1,"result":"created","_shards":{"total":1,"successful":1,"failed":0},"_seq_no":14,"_primary_term":1,"status":201}},{"index":{"_index":"offers","_type":"_doc","_id":"16","_version":1,"result":"created","_shards":{"total":1,"successful":1,"failed":0},"_seq_no":15,"_primary_term":1,"status":201}},{"index":{"_index":"offers","_type":"_doc","_id":"17","_version":1,"result":"created","_shards":{"total":1,"successful":1,"failed":0},"_seq_no":16,"_primary_term":1,"status":201}},{"index":{"_index":"offers","_type":"_doc","_id":"18","_version":1,"result":"created","_shards":{"total":1,"successful":1,"failed":0},"_seq_no":17,"_primary_term":1,"status":201}},{"index":{"_index":"offers","_type":"_doc","_id":"19","_version":1,"result":"created","_shards":{"total":1,"successful":1,"failed":0},"_seq_no":18,"_primary_term":1,"status":201}}]}'
    http_version: null
  recorded_at: Fri, 27 Mar 2020 18:46:43 GMT
- request:
    method: get
    uri: http://elasticsearch_test:9200/offers/_search?scroll=30s
    body:
      encoding: UTF-8
      string: '{"query":{"bool":{"must":[{"term":{"status":"active"}}],"filter":[{"nested":{"path":"city","query":{"bool":{"should":[{"match":{"city.id":37}}]}}}}]}},"sort":[{"created_at":{"order":"desc"}}]}'
    headers:
      User-Agent:
      - 'elasticsearch-ruby/7.5.0 (RUBY_VERSION: 2.6.3; linux x86_64; Faraday v0.17.3)'
      Content-Type:
      - application/json
      Accept-Encoding:
      - gzip;q=1.0,deflate;q=0.6,identity;q=0.3
      Accept:
      - "*/*"
  response:
    status:
      code: 200
      message: OK
    headers:
      Content-Type:
      - application/json; charset=UTF-8
      Content-Length:
      - '500'
    body:
      encoding: ASCII-8BIT
      string: '{"_scroll_id":"DXF1ZXJ5QW5kRmV0Y2gBAAAAAAAAAHgWTlI1QTRTSFVUNnFxeDBNb252YmZsZw==","took":1,"timed_out":false,"_shards":{"total":1,"successful":1,"skipped":0,"failed":0},"hits":{"total":{"value":1,"relation":"eq"},"max_score":null,"hits":[{"_index":"offers","_type":"_doc","_id":"19","_score":null,"_source":{"id":19,"title":"Iusto
        voluptatem in sit excepturi natus a odit.","description":"Este es el query
        por ciudad","status":"active","created_at":"2020-03-27T13:46:42.871-05:00","city":{"id":37,"description":"Medellin"},"job_categories":[{"id":1,"description":"Operario"}],"work_mode":{"id":19,"description":"middleware"},"contract_type":{"id":19,"description":"Expandido"},"working_days":[],"available_work_days":[],"job_aids":[],"languages":[]},"sort":[1585334802871]}]}}'
    http_version: null
  recorded_at: Fri, 27 Mar 2020 18:46:47 GMT
- request:
    method: get
    uri: http://elasticsearch_test:9200/_search/scroll
    body:
      encoding: UTF-8
      string: '{"scroll_id":"DXF1ZXJ5QW5kRmV0Y2gBAAAAAAAAAHgWTlI1QTRTSFVUNnFxeDBNb252YmZsZw==","scroll":"30s"}'
    headers:
      User-Agent:
      - 'elasticsearch-ruby/7.5.0 (RUBY_VERSION: 2.6.3; linux x86_64; Faraday v0.17.3)'
      Content-Type:
      - application/json
      Accept-Encoding:
      - gzip;q=1.0,deflate;q=0.6,identity;q=0.3
      Accept:
      - "*/*"
  response:
    status:
      code: 200
      message: OK
    headers:
      Content-Type:
      - application/json; charset=UTF-8
      Content-Length:
      - '211'
    body:
      encoding: ASCII-8BIT
      string: '{"_scroll_id":"DXF1ZXJ5QW5kRmV0Y2gBAAAAAAAAAHgWTlI1QTRTSFVUNnFxeDBNb252YmZsZw==","took":1,"timed_out":false,"_shards":{"total":1,"successful":1,"skipped":0,"failed":0},"hits":{"total":{"value":1,"relation":"eq"},"max_score":null,"hits":[]}}'
    http_version: null
  recorded_at: Fri, 27 Mar 2020 18:46:47 GMT
- request:
    method: head
    uri: http://elasticsearch:9200/offers
    body:
      encoding: US-ASCII
      string: ''
    headers:
      User-Agent:
      - 'elasticsearch-ruby/7.5.0 (RUBY_VERSION: 2.6.3; linux x86_64; Faraday v0.17.3)'
      Content-Type:
      - application/json
      Accept:
      - "*/*"
  response:
    status:
      code: 200
      message: OK
    headers:
      Content-Type:
      - application/json; charset=UTF-8
      Content-Length:
      - '1693'
    body:
      encoding: UTF-8
      string: ''
    http_version: null
  recorded_at: Fri, 27 Mar 2020 18:46:48 GMT
- request:
    method: delete
    uri: http://elasticsearch:9200/offers
    body:
      encoding: US-ASCII
      string: ''
    headers:
      User-Agent:
      - 'elasticsearch-ruby/7.5.0 (RUBY_VERSION: 2.6.3; linux x86_64; Faraday v0.17.3)'
      Content-Type:
      - application/json
      Accept-Encoding:
      - gzip;q=1.0,deflate;q=0.6,identity;q=0.3
      Accept:
      - "*/*"
  response:
    status:
      code: 200
      message: OK
    headers:
      Content-Type:
      - application/json; charset=UTF-8
      Content-Length:
      - '47'
    body:
      encoding: ASCII-8BIT
      string: '{"acknowledged":true}'
    http_version: null
  recorded_at: Fri, 27 Mar 2020 18:46:48 GMT
- request:
    method: head
    uri: http://elasticsearch:9200/offers
    body:
      encoding: US-ASCII
      string: ''
    headers:
      User-Agent:
      - 'elasticsearch-ruby/7.5.0 (RUBY_VERSION: 2.6.3; linux x86_64; Faraday v0.17.3)'
      Content-Type:
      - application/json
      Accept:
      - "*/*"
  response:
    status:
      code: 404
      message: Not Found
    headers:
      Content-Type:
      - application/json; charset=UTF-8
      Content-Length:
      - '365'
    body:
      encoding: UTF-8
      string: ''
    http_version: null
  recorded_at: Fri, 27 Mar 2020 18:46:48 GMT
- request:
    method: put
    uri: http://elasticsearch:9200/offers
    body:
      encoding: UTF-8
      string: '{"settings":{"index":{"number_of_shards":1,"number_of_replicas":0,"max_ngram_diff":50,"analysis":{"index_analyzer":{"common_index_analizer":{"type":"custom","tokenizer":"standard","filter":["lowercase","common_ngram_filter"]}},"search_analyzer":{"common_search_analyzer":{"type":"custom","tokenizer":"standard","filter":["lowercase","standard","common_ngram_filter"]}},"ascii_analizer":{"common_ascii_analyzer":{"tokenizer":"standard","filter":"standard"}},"filter":{"common_ngram_filter":{"type":"nGram","min_gram":2,"max_gram":50}}}}},"mappings":{"dynamic":"false","properties":{"id":{"type":"long"},"title":{"type":"text","analyzer":"spanish"},"description":{"type":"text","analyzer":"spanish"},"status":{"type":"text"},"created_at":{"type":"date"},"city":{"type":"nested","properties":{"id":{"type":"long"},"description":{"type":"text"}}},"job_categories":{"type":"nested","properties":{"id":{"type":"long"},"description":{"type":"text"}}},"work_mode":{"type":"nested","properties":{"id":{"type":"long"},"description":{"type":"text"}}},"contract_type":{"type":"nested","properties":{"id":{"type":"long"},"description":{"type":"text"}}},"working_days":{"type":"nested","properties":{"id":{"type":"long"},"description":{"type":"text"}}},"available_work_days":{"type":"nested","properties":{"id":{"type":"long"},"description":{"type":"text"}}},"job_aids":{"type":"nested","properties":{"id":{"type":"long"},"description":{"type":"text"}}},"languages":{"type":"nested","properties":{"id":{"type":"long"},"description":{"type":"text"}}}}}}'
    headers:
      User-Agent:
      - 'elasticsearch-ruby/7.5.0 (RUBY_VERSION: 2.6.3; linux x86_64; Faraday v0.17.3)'
      Content-Type:
      - application/json
      Accept-Encoding:
      - gzip;q=1.0,deflate;q=0.6,identity;q=0.3
      Accept:
      - "*/*"
  response:
    status:
      code: 200
      message: OK
    headers:
      Content-Type:
      - application/json; charset=UTF-8
      Content-Length:
      - '73'
    body:
      encoding: ASCII-8BIT
      string: '{"acknowledged":true,"shards_acknowledged":true,"index":"offers"}'
    http_version: null
  recorded_at: Fri, 27 Mar 2020 18:46:48 GMT
recorded_with: VCR 5.1.0
